{
    "created": {
        "app\/View\/Components\/Alert.php": "<?php\n\ndeclare(strict_types=1);\n\nnamespace App\\View\\Components;\n\nuse Closure;\nuse Illuminate\\Contracts\\View\\View;\nuse Illuminate\\View\\Component;\n\nclass Alert extends Component\n{\n\n    \/**\n     * Get the view \/ contents that represent the component.\n     *\/\n    public function render(): View|Closure|string\n    {\n        return view('components.alert');\n    }\n}\n"
    },
    "deleted": [],
    "updated": []
}