{
    "created": {
        "app\/View\/Composers\/DashboardComposer.php": "<?php\n\ndeclare(strict_types=1);\n\nnamespace App\\View\\Composers;\n\nuse Illuminate\\View\\View;\n\nclass DashboardComposer\n{\n\n    \/**\n     * Bind data to the view.\n     *\/\n    public function compose(View $view): void\n    {\n        \/\/\n    }\n}\n"
    },
    "deleted": [],
    "updated": []
}