{
    "created": {
        "app\/Models\/User.php": "<?php\n\ndeclare(strict_types=1);\n\nnamespace App\\Models;\n\nuse Illuminate\\Database\\Eloquent\\Factories\\HasFactory;\nuse Illuminate\\Database\\Eloquent\\Model;\n\nclass User extends Model\n{\n    use HasFactory;\n\n    \/**\n     * The attributes that are mass assignable.\n     *\n     * @var array<string>\n     *\/\n    protected $fillable = ['name' ,'mail'];\n\n    public function scopePopular(Builder $query): void\n    {\n        \/\/\n    }\n}\n"
    },
    "deleted": [],
    "updated": []
}