{
    "created": {
        "app\/Jobs\/QueuedWithParameters.php": "<?php\n\ndeclare(strict_types=1);\n\nnamespace App\\Jobs;\n\nuse Illuminate\\Bus\\Queueable;\n\/\/ use Illuminate\\Contracts\\Queue\\ShouldBeUnique;\nuse Illuminate\\Contracts\\Queue\\ShouldQueue;\nuse Illuminate\\Foundation\\Bus\\Dispatchable;\nuse Illuminate\\Queue\\InteractsWithQueue;\nuse Illuminate\\Queue\\SerializesModels;\n\nclass QueuedWithParameters implements ShouldQueue\n{\n    use Dispatchable;\n    use InteractsWithQueue;\n    use Queueable;\n    use SerializesModels;\n    \/**\n     * Create a new job instance.\n     *\/\n    public function __construct()\n    {\n        \n    }\n\n    \/**\n     * Execute the job.\n     *\/\n    public function handle(): void\n    {\n        \/\/\n    }\n}\n"
    },
    "deleted": [],
    "updated": []
}