{
    "created": {
        "app\/Http\/Controllers\/SingletonController.php": "<?php\n\ndeclare(strict_types=1);\n\nnamespace App\\Http\\Controllers;\n\nuse App\\Http\\Controllers\\Controller;\nuse App\\Http\\Requests\\StoreSingletonRequest;\nuse App\\Http\\Requests\\UpdateSingletonRequest;\n\nclass SingletonController extends Controller\n{\n    \/**\n     * Create a new controller instance.\n     *\/\n    public function __construct()\n    {\n                $this->authorizeResource(Singleton::class);\n\n    }\n\n    \/**\n     * Store the newly created resource in storage.\n     *\/\n    public function store(StoreSingletonRequest $request): never\n    {\n        abort(404);\n    }\n\n    \/**\n     * Update the resource in storage.\n     *\/\n    public function update(UpdateSingletonRequest $request)\n    {\n        \/\/\n    }\n}\n"
    },
    "deleted": [],
    "updated": []
}