{
    "created": {
        "app\/Castables\/Address.php": "<?php\n\ndeclare(strict_types=1);\n\nnamespace App\\Castables;\n\nuse Illuminate\\Contracts\\Database\\Eloquent\\Castable;\nuse InvalidArgumentException;\n\nclass Address implements Castable\n{\n    \/**\n     * Get the caster class to use when casting from \/ to this cast target.\n     *\n     * @param  array  $arguments\n     * @return mixed\n     *\/\n    public static function castUsing(array $arguments): mixed\n    {\n        \/\/\n    }\n}\n"
    },
    "deleted": [],
    "updated": []
}